Testing Aesthetic PPT Generation...
DEBUG: Fetching Split Image for keyword: tiger
DEBUG: Split Image Response Status: 200
DEBUG: Fetching Big Image for keyword: indonesia nature
DEBUG: Big Image Response Status: 403
DEBUG: Failed to fetch Big Image. Status: 403
Success! aesthetic_test.pptx created.
